Microchip MPLAB XC8 Compiler V2.40

Linker command line:

-W-3 \
  --edf=D:\Program Files\Microchip\xc8\v2.40\pic\dat\20220703182018_en.msgs \
  -cn -h+dist/default/production\NPC_1519.X.production.sym \
  --cmf=dist/default/production\NPC_1519.X.production.cmf -z -Q16F1519 \
  -oC:\Users\ffpp2\AppData\Local\Temp\xcAs196c.4 --defsym=__MPLAB_BUILD=1 \
  --fixupoverflow=error -Mdist/default/production/NPC_1519.X.production.map \
  --md=C:\Users\ffpp2\AppData\Local\Temp\xcAs196c.dat -E1 -ver=XC8 Compiler \
  --acfsm=1493 -ACODE=00h-07FFhx8 -ASTRCODE=00h-03FFFh -ASTRING=00h-0FFhx64 \
  -ACONST=00h-0FFhx64 -AENTRY=00h-0FFhx64 -ACOMMON=070h-07Fh \
  -ABANK0=020h-06Fh -ABANK1=0A0h-0EFh -ABANK2=0120h-016Fh \
  -ABANK3=01A0h-01EFh -ABANK4=0220h-026Fh -ABANK5=02A0h-02EFh \
  -ABANK6=0320h-036Fh -ABANK7=03A0h-03EFh -ABANK8=0420h-046Fh \
  -ABANK9=04A0h-04EFh -ABANK10=0520h-056Fh -ABANK11=05A0h-05EFh \
  -ABANK12=0620h-064Fh -ABIGRAM=02000h-023EFh \
  -ARAM=020h-06Fh,0A0h-0EFh,0120h-016Fh,01A0h-01EFh,0220h-026Fh,02A0h-02EFh,0320h-036Fh,03A0h-03EFh,0420h-046Fh,04A0h-04EFh,0520h-056Fh,05A0h-05EFh,0620h-064Fh \
  -AABS1=020h-07Fh,0A0h-0EFh,0120h-016Fh,01A0h-01EFh,0220h-026Fh,02A0h-02EFh,0320h-036Fh,03A0h-03EFh,0420h-046Fh,04A0h-04EFh,0520h-056Fh,05A0h-05EFh,0620h-064Fh \
  -ASFR0=00h-01Fh -ASFR1=080h-09Fh -ASFR2=0100h-011Fh -ASFR3=0180h-019Fh \
  -ASFR4=0200h-021Fh -ASFR5=0280h-029Fh -ASFR6=0300h-031Fh \
  -ASFR7=0380h-039Fh -ASFR8=0400h-041Fh -ASFR9=0480h-049Fh \
  -ASFR10=0500h-051Fh -ASFR11=0580h-059Fh -ASFR12=0600h-061Fh \
  -ASFR13=0680h-06EFh -ASFR14=0700h-076Fh -ASFR15=0780h-07EFh \
  -ASFR16=0800h-086Fh -ASFR17=0880h-08EFh -ASFR18=0900h-096Fh \
  -ASFR19=0980h-09EFh -ASFR20=0A00h-0A6Fh -ASFR21=0A80h-0AEFh \
  -ASFR22=0B00h-0B6Fh -ASFR23=0B80h-0BEFh -ASFR24=0C00h-0C6Fh \
  -ASFR25=0C80h-0CEFh -ASFR26=0D00h-0D6Fh -ASFR27=0D80h-0DEFh \
  -ASFR28=0E00h-0E6Fh -ASFR29=0E80h-0EEFh -ASFR30=0F00h-0F6Fh \
  -ASFR31=0F80h-0FEFh -ACONFIG=08007h-08008h -DCONFIG=2 \
  -AIDLOC=08000h-08003h -DIDLOC=2 -DCODE=2 -DSTRCODE=2 -DSTRING=2 -DCONST=2 \
  -DENTRY=2 -preset_vec=00h,intentry=04h,init,end_init -ppowerup=CODE \
  -pcinit=CODE -pfunctab=ENTRY -k \
  C:\Users\ffpp2\AppData\Local\Temp\xcAs196c.o \
  dist/default/production\NPC_1519.X.production.o 

Object code version is 3.11

Machine type is 16F1519



                Name                               Link     Load   Length Selector   Space Scale
C:\Users\ffpp2\AppData\Local\Temp\xcAs196c.o
                end_init                             B5       B5        2        8       0
                reset_vec                             0        0        2        0       0
                config                             8007     8007        2        0       4
                idloc                              8000     8000        4        0       5
dist/default/production\NPC_1519.X.production.o
                cinit                                B7       B7       1E        8       0
                intentry                              4        4       B1        8       0
                config                             8007     8007        2        0       4
                idloc                              8000     8000        4        0       5
                text32                             158B     158B       46     2B16       0
                text30                             1770     1770       90     2EE0       0
                text29                             1682     1682       63     2D04       0
                text28                             143A     143A       34     2874       0
                text27                             14D6     14D6       3C     29AC       0
                text26                             146E     146E       34     28DC       0
                text25                             1620     1620       62     2C40       0
                text24                             12E8     12E8        B     25D0       0
                text23                              5A2      5A2      1AA        8       0
                text22                             15D1     15D1       4F     2BA2       0
                text21                             16E5     16E5       8B     2DCA       0
                text20                             13E6     13E6       24     27CC       0
                text19                              367      367      23B        8       0
                text18                             12F3     12F3        C     25E6       0
                text17                             13A4     13A4       20     2748       0
                text16                              74C      74C       AB        8       0
                text15                             13C4     13C4       22     2788       0
                text14                             1337     1337       19     266E       0
                text13                             140A     140A       30     2814       0
                text12                              804      804       12     1008       0
                text11                             1350     1350       19     26A0       0
                text10                             131F     131F       18     263E       0
                text9                               884      884      77C     1108       0
                text8                              130E     130E       11     261C       0
                text7                              1385     1385       1F     270A       0
                text6                              14A2     14A2       34     2944       0
                text5                              1369     1369       1C     26D2       0
                text4                              1512     1512       3C     2A24       0
                text3                               816      816       6E     102C       0
                text2                              154E     154E       3D     2A9C       0
                text1                              12FF     12FF        F     25FE       0
                maintext                             D5       D5      292        8       0
                cstackBANK0                          20       20       4A       20       1
                cstackCOMMON                         70       70        A       70       1
                cstackBANK1                          C5       C5       14       A0       1
                clrtext                             7F7      7F7        6        8       0
                bssBANK2                            120      120       32      120       1
                bssBANK1                             A0       A0       25       A0       1
                bssBANK0                             6A       6A        3       20       1
                dataCOMMON                           7D       7D        1       70       1
                bssCOMMON                            7A       7A        3       70       1
                stringtext7                        182D     182D        2     3000       0
                stringtext6                        1829     1829        4     3000       0
                stringtext5                        1825     1825        4     3000       0
                stringtext4                        1821     1821        4     3000       0
                stringtext3                        1818     1818        9     3000       0
                stringtext2                        180F     180F        9     3000       0
                stringtext1                        1800     1800        F     3000       0
                idataCOMMON                         7FD      7FD        1        8       0

TOTAL           Name                               Link     Load   Length     Space
        CLASS   CODE           
                end_init                             B5       B5        2         0
                cinit                                B7       B7       1E         0
                intentry                              4        4       B1         0
                reset_vec                             0        0        2         0
                text32                             158B     158B       46         0
                text30                             1770     1770       90         0
                text29                             1682     1682       63         0
                text28                             143A     143A       34         0
                text27                             14D6     14D6       3C         0
                text26                             146E     146E       34         0
                text25                             1620     1620       62         0
                text24                             12E8     12E8        B         0
                text23                              5A2      5A2      1AA         0
                text22                             15D1     15D1       4F         0
                text21                             16E5     16E5       8B         0
                text20                             13E6     13E6       24         0
                text19                              367      367      23B         0
                text18                             12F3     12F3        C         0
                text17                             13A4     13A4       20         0
                text16                              74C      74C       AB         0
                text15                             13C4     13C4       22         0
                text14                             1337     1337       19         0
                text13                             140A     140A       30         0
                text12                              804      804       12         0
                text11                             1350     1350       19         0
                text10                             131F     131F       18         0
                text9                               884      884      77C         0
                text8                              130E     130E       11         0
                text7                              1385     1385       1F         0
                text6                              14A2     14A2       34         0
                text5                              1369     1369       1C         0
                text4                              1512     1512       3C         0
                text3                               816      816       6E         0
                text2                              154E     154E       3D         0
                text1                              12FF     12FF        F         0
                maintext                             D5       D5      292         0
                clrtext                             7F7      7F7        6         0
                idataCOMMON                         7FD      7FD        1         0

        CLASS   STRCODE        
                stringtext7                        182D     182D        2         0
                stringtext6                        1829     1829        4         0
                stringtext5                        1825     1825        4         0
                stringtext4                        1821     1821        4         0
                stringtext3                        1818     1818        9         0
                stringtext2                        180F     180F        9         0
                stringtext1                        1800     1800        F         0

        CLASS   STRING         

        CLASS   CONST          

        CLASS   ENTRY          

        CLASS   COMMON         
                cstackCOMMON                         70       70        A         1
                dataCOMMON                           7D       7D        1         1
                bssCOMMON                            7A       7A        3         1

        CLASS   BANK0          
                cstackBANK0                          20       20       4A         1
                bssBANK0                             6A       6A        3         1

        CLASS   BANK1          
                cstackBANK1                          C5       C5       14         1
                bssBANK1                             A0       A0       25         1

        CLASS   BANK2          
                bssBANK2                            120      120       32         1

        CLASS   BANK3          

        CLASS   BANK4          

        CLASS   BANK5          

        CLASS   BANK6          

        CLASS   BANK7          

        CLASS   BANK8          

        CLASS   BANK9          

        CLASS   BANK10         

        CLASS   BANK11         

        CLASS   BANK12         

        CLASS   BIGRAM         

        CLASS   RAM            

        CLASS   ABS1           
                abs_s1                               7E       7E        2         1

        CLASS   SFR0           

        CLASS   SFR1           

        CLASS   SFR2           

        CLASS   SFR3           

        CLASS   SFR4           

        CLASS   SFR5           

        CLASS   SFR6           

        CLASS   SFR7           

        CLASS   SFR8           

        CLASS   SFR9           

        CLASS   SFR10          

        CLASS   SFR11          

        CLASS   SFR12          

        CLASS   SFR13          

        CLASS   SFR14          

        CLASS   SFR15          

        CLASS   SFR16          

        CLASS   SFR17          

        CLASS   SFR18          

        CLASS   SFR19          

        CLASS   SFR20          

        CLASS   SFR21          

        CLASS   SFR22          

        CLASS   SFR23          

        CLASS   SFR24          

        CLASS   SFR25          

        CLASS   SFR26          

        CLASS   SFR27          

        CLASS   SFR28          

        CLASS   SFR29          

        CLASS   SFR30          

        CLASS   SFR31          

        CLASS   CONFIG         
                config                             8007     8007        2         4

        CLASS   IDLOC          
                idloc                              8000     8000        4         5

        CLASS   BANK31         

        CLASS   BANK30         

        CLASS   BANK29         

        CLASS   BANK28         

        CLASS   BANK27         

        CLASS   BANK26         

        CLASS   BANK25         

        CLASS   BANK24         

        CLASS   BANK23         

        CLASS   BANK22         

        CLASS   BANK21         

        CLASS   BANK20         

        CLASS   BANK19         

        CLASS   BANK18         

        CLASS   BANK17         

        CLASS   BANK16         

        CLASS   BANK15         

        CLASS   BANK14         

        CLASS   BANK13         

        CLASS   HEAP           

        CLASS   STACK          

        CLASS   EEDATA         



SEGMENTS        Name                           Load    Length   Top    Selector   Space  Class     Delta

                reset_vec                      000000  000002  000002         0       0  CODE        2
                intentry                       000004  0007FA  0007FE         8       0  CODE        2
                cstackBANK0                    000020  00004D  00006D        20       1  BANK0       1
                cstackCOMMON                   000070  00000E  00007E        70       1  COMMON      1
                bssBANK1                       0000A0  000039  0000D9        A0       1  BANK1       1
                bssBANK2                       000120  000032  000152       120       1  BANK2       1
                text12                         000804  000012  000816      1008       0  CODE        2
                text3                          000816  00006E  000884      102C       0  CODE        2
                text9                          000884  00077C  001000      1108       0  CODE        2
                text24                         0012E8  00000B  0012F3      25D0       0  CODE        2
                text18                         0012F3  00000C  0012FF      25E6       0  CODE        2
                text1                          0012FF  00000F  00130E      25FE       0  CODE        2
                text8                          00130E  000011  00131F      261C       0  CODE        2
                text10                         00131F  000018  001337      263E       0  CODE        2
                text14                         001337  000019  001350      266E       0  CODE        2
                text11                         001350  000019  001369      26A0       0  CODE        2
                text5                          001369  00001C  001385      26D2       0  CODE        2
                text7                          001385  00001F  0013A4      270A       0  CODE        2
                text17                         0013A4  000020  0013C4      2748       0  CODE        2
                text15                         0013C4  000022  0013E6      2788       0  CODE        2
                text20                         0013E6  000024  00140A      27CC       0  CODE        2
                text13                         00140A  000030  00143A      2814       0  CODE        2
                text28                         00143A  000034  00146E      2874       0  CODE        2
                text26                         00146E  000034  0014A2      28DC       0  CODE        2
                text6                          0014A2  000034  0014D6      2944       0  CODE        2
                text27                         0014D6  00003C  001512      29AC       0  CODE        2
                text4                          001512  00003C  00154E      2A24       0  CODE        2
                text2                          00154E  00003D  00158B      2A9C       0  CODE        2
                text32                         00158B  000046  0015D1      2B16       0  CODE        2
                text22                         0015D1  00004F  001620      2BA2       0  CODE        2
                text25                         001620  000062  001682      2C40       0  CODE        2
                text29                         001682  000063  0016E5      2D04       0  CODE        2
                text21                         0016E5  00008B  001770      2DCA       0  CODE        2
                text30                         001770  000090  001800      2EE0       0  CODE        2
                stringtext1                    001800  00002F  00182F      3000       0  STRCODE     2


UNUSED ADDRESS RANGES

        Name                Unused          Largest block    Delta
        BANK0            0006D-0006F               3           1
        BANK1            000D9-000EF              17           1
        BANK10           00520-0056F              50           1
        BANK11           005A0-005EF              50           1
        BANK12           00620-0064F              30           1
        BANK2            00152-0016F              1E           1
        BANK3            001A0-001EF              50           1
        BANK4            00220-0026F              50           1
        BANK5            002A0-002EF              50           1
        BANK6            00320-0036F              50           1
        BANK7            003A0-003EF              50           1
        BANK8            00420-0046F              50           1
        BANK9            004A0-004EF              50           1
        BIGRAM           02000-023EF             3F0           1
        CODE             00002-00003               2           2
                         007FE-00803               2
                         01000-012E7             2E8
                         0182F-03FFF             800
        CONST            00002-00003               2           2
                         007FE-00803               2
                         01000-012E7             100
                         0182F-03FFF             100
        ENTRY            00002-00003               2           2
                         007FE-00803               2
                         01000-012E7             100
                         0182F-03FFF             100
        RAM              0006D-0006F               3           1
                         000D9-000EF              17
                         00152-0016F              1E
                         001A0-001EF              50
                         00220-0026F              50
                         002A0-002EF              50
                         00320-0036F              50
                         003A0-003EF              50
                         00420-0046F              50
                         004A0-004EF              50
                         00520-0056F              50
                         005A0-005EF              50
                         00620-0064F              30
        SFR0             00000-0001F              20           1
        SFR1             00080-0009F              20           1
        SFR10            00500-0051F              20           1
        SFR11            00580-0059F              20           1
        SFR12            00600-0061F              20           1
        SFR13            00680-006EF              70           1
        SFR14            00700-0076F              70           1
        SFR15            00780-007EF              70           1
        SFR16            00800-0086F              70           1
        SFR17            00880-008EF              70           1
        SFR18            00900-0096F              70           1
        SFR19            00980-009EF              70           1
        SFR2             00100-0011F              20           1
        SFR20            00A00-00A6F              70           1
        SFR21            00A80-00AEF              70           1
        SFR22            00B00-00B6F              70           1
        SFR23            00B80-00BEF              70           1
        SFR24            00C00-00C6F              70           1
        SFR25            00C80-00CEF              70           1
        SFR26            00D00-00D6F              70           1
        SFR27            00D80-00DEF              70           1
        SFR28            00E00-00E6F              70           1
        SFR29            00E80-00EEF              70           1
        SFR3             00180-0019F              20           1
        SFR30            00F00-00F6F              70           1
        SFR31            00F80-00FEF              70           1
        SFR4             00200-0021F              20           1
        SFR5             00280-0029F              20           1
        SFR6             00300-0031F              20           1
        SFR7             00380-0039F              20           1
        SFR8             00400-0041F              20           1
        SFR9             00480-0049F              20           1
        STRCODE          00002-00003               2           2
                         007FE-00803               6
                         01000-012E7             2E8
                         0182F-03FFF            27D1
        STRING           00002-00003               2           2
                         007FE-00803               2
                         01000-012E7             100
                         0182F-03FFF             100

                                  Symbol Table

?__Umul8_16               cstackBANK0  00020
?___aldiv                 cstackBANK0  0002C
?___fldiv                 cstackBANK0  00020
?___flmul                 cstackBANK0  00029
?___flneg                 cstackBANK0  00020
?___lmul                  cstackBANK0  00020
?___lwdiv                 cstackBANK0  00020
?___wmul                  cstackBANK0  00020
?___xxtofl                cstackBANK0  00020
?_atof                    cstackBANK0  0005B
?_isdigit                 cstackBANK0  00020
?_islower                 cstackBANK0  00020
?_isspace                 cstackBANK0  00020
?_isxdigit                cstackBANK0  00026
?_map                     cstackBANK0  0003B
?_nanf                    cstackBANK0  00020
?_strchr                  cstackBANK0  00020
?_strcspn                 cstackBANK0  00027
?_strtof                  cstackBANK0  00043
?_toupper                 cstackBANK0  00026
UARTinit@BRGH             cstackBANK0  0003F
UARTinit@baud_rate        cstackBANK0  0003B
UARTreadString@buf        cstackCOMMON 00072
UARTreadString@bufSize    cstackCOMMON 00070
UARTreadString@i          bssCOMMON    0007A
UARTreadString@tmp_392    cstackCOMMON 00073
UARTsendString@i          cstackBANK0  00024
UARTsendString@max_length cstackBANK0  00022
UARTsendString@str        cstackBANK0  00020
_ANSELA                   (abs)        0018C
_ANSELB                   (abs)        0018D
_ANSELC                   (abs)        0018E
_ANSELD                   (abs)        0018F
_GPSRDY                   bssBANK1     000C4
_INTCON                   (abs)        0000B
_INTCONbits               (abs)        0000B
_IOCBF                    (abs)        00396
_IOCBN                    (abs)        00395
_NMEASentence             bssBANK2     00120
_OPTION_REG               (abs)        00095
_OSCCON                   (abs)        00099
_PIE1                     (abs)        00091
_PIR1bits                 (abs)        00011
_PORTA                    (abs)        0000C
_PORTAbits                (abs)        0000C
_PORTB                    (abs)        0000D
_PORTC                    (abs)        0000E
_PORTCbits                (abs)        0000E
_PORTD                    (abs)        0000F
_PR2                      (abs)        0001B
_RCREG                    (abs)        00199
_RCSTAbits                (abs)        0019D
_SPBRG                    (abs)        0019B
_T1CON                    (abs)        00018
_T1GCON                   (abs)        00019
_T2CON                    (abs)        0001C
_TMR0                     (abs)        00015
_TMR1H                    (abs)        00017
_TMR1L                    (abs)        00016
_TRISA                    (abs)        0008C
_TRISB                    (abs)        0008D
_TRISC                    (abs)        0008E
_TRISCbits                (abs)        0008E
_TRISD                    (abs)        0008F
_TXREG                    (abs)        0019A
_TXSTAbits                (abs)        0019E
_UARTinit                 text29       01682
_UARTreadString           text32       0158B
_UARTsendString           text28       0143A
__Habs1                   abs1         00000
__Hbank0                  bank0        00000
__Hbank1                  bank1        00000
__Hbank10                 bank10       00000
__Hbank11                 bank11       00000
__Hbank12                 bank12       00000
__Hbank13                 bank13       00000
__Hbank14                 bank14       00000
__Hbank15                 bank15       00000
__Hbank16                 bank16       00000
__Hbank17                 bank17       00000
__Hbank18                 bank18       00000
__Hbank19                 bank19       00000
__Hbank2                  bank2        00000
__Hbank20                 bank20       00000
__Hbank21                 bank21       00000
__Hbank22                 bank22       00000
__Hbank23                 bank23       00000
__Hbank24                 bank24       00000
__Hbank25                 bank25       00000
__Hbank26                 bank26       00000
__Hbank27                 bank27       00000
__Hbank28                 bank28       00000
__Hbank29                 bank29       00000
__Hbank3                  bank3        00000
__Hbank30                 bank30       00000
__Hbank31                 bank31       00000
__Hbank4                  bank4        00000
__Hbank5                  bank5        00000
__Hbank6                  bank6        00000
__Hbank7                  bank7        00000
__Hbank8                  bank8        00000
__Hbank9                  bank9        00000
__Hbigram                 bigram       00000
__HbssBANK0               bssBANK0     00000
__HbssBANK1               bssBANK1     00000
__HbssBANK2               bssBANK2     00000
__HbssCOMMON              bssCOMMON    00000
__Hcinit                  cinit        000D5
__Hclrtext                clrtext      00000
__Hcode                   code         00000
__Hcommon                 common       00000
__Hconfig                 config       08009
__HcstackBANK0            cstackBANK0  00000
__HcstackBANK1            cstackBANK1  00000
__HcstackCOMMON           cstackCOMMON 00000
__HdataCOMMON             dataCOMMON   00000
__Heeprom_data            eeprom_data  00000
__Hend_init               end_init     000B7
__Hfunctab                functab      00000
__Hheap                   heap         00000
__HidataCOMMON            idataCOMMON  00000
__Hidloc                  idloc        08004
__Hinit                   init         000B5
__Hintentry               intentry     000B5
__Hmaintext               maintext     00000
__Hpowerup                powerup      00000
__Hram                    ram          00000
__Hreset_vec              reset_vec    00002
__Hsfr0                   sfr0         00000
__Hsfr1                   sfr1         00000
__Hsfr10                  sfr10        00000
__Hsfr11                  sfr11        00000
__Hsfr12                  sfr12        00000
__Hsfr13                  sfr13        00000
__Hsfr14                  sfr14        00000
__Hsfr15                  sfr15        00000
__Hsfr16                  sfr16        00000
__Hsfr17                  sfr17        00000
__Hsfr18                  sfr18        00000
__Hsfr19                  sfr19        00000
__Hsfr2                   sfr2         00000
__Hsfr20                  sfr20        00000
__Hsfr21                  sfr21        00000
__Hsfr22                  sfr22        00000
__Hsfr23                  sfr23        00000
__Hsfr24                  sfr24        00000
__Hsfr25                  sfr25        00000
__Hsfr26                  sfr26        00000
__Hsfr27                  sfr27        00000
__Hsfr28                  sfr28        00000
__Hsfr29                  sfr29        00000
__Hsfr3                   sfr3         00000
__Hsfr30                  sfr30        00000
__Hsfr31                  sfr31        00000
__Hsfr4                   sfr4         00000
__Hsfr5                   sfr5         00000
__Hsfr6                   sfr6         00000
__Hsfr7                   sfr7         00000
__Hsfr8                   sfr8         00000
__Hsfr9                   sfr9         00000
__Hspace_0                (abs)        0182F
__Hspace_1                (abs)        00152
__Hspace_2                (abs)        00000
__Hspace_3                (abs)        00000
__Hspace_4                (abs)        10010
__Hstack                  stack        00000
__Hstrings                strings      00000
__Hstringtext1            stringtext1  00000
__Hstringtext2            stringtext2  00000
__Hstringtext3            stringtext3  00000
__Hstringtext4            stringtext4  00000
__Hstringtext5            stringtext5  00000
__Hstringtext6            stringtext6  00000
__Hstringtext7            stringtext7  00000
__Hstringtext8            stringtext8  00000
__Htext                   text         00000
__Labs1                   abs1         00000
__Lbank0                  bank0        00000
__Lbank1                  bank1        00000
__Lbank10                 bank10       00000
__Lbank11                 bank11       00000
__Lbank12                 bank12       00000
__Lbank13                 bank13       00000
__Lbank14                 bank14       00000
__Lbank15                 bank15       00000
__Lbank16                 bank16       00000
__Lbank17                 bank17       00000
__Lbank18                 bank18       00000
__Lbank19                 bank19       00000
__Lbank2                  bank2        00000
__Lbank20                 bank20       00000
__Lbank21                 bank21       00000
__Lbank22                 bank22       00000
__Lbank23                 bank23       00000
__Lbank24                 bank24       00000
__Lbank25                 bank25       00000
__Lbank26                 bank26       00000
__Lbank27                 bank27       00000
__Lbank28                 bank28       00000
__Lbank29                 bank29       00000
__Lbank3                  bank3        00000
__Lbank30                 bank30       00000
__Lbank31                 bank31       00000
__Lbank4                  bank4        00000
__Lbank5                  bank5        00000
__Lbank6                  bank6        00000
__Lbank7                  bank7        00000
__Lbank8                  bank8        00000
__Lbank9                  bank9        00000
__Lbigram                 bigram       00000
__LbssBANK0               bssBANK0     00000
__LbssBANK1               bssBANK1     00000
__LbssBANK2               bssBANK2     00000
__LbssCOMMON              bssCOMMON    00000
__Lcinit                  cinit        000B7
__Lclrtext                clrtext      00000
__Lcode                   code         00000
__Lcommon                 common       00000
__Lconfig                 config       00000
__LcstackBANK0            cstackBANK0  00000
__LcstackBANK1            cstackBANK1  00000
__LcstackCOMMON           cstackCOMMON 00000
__LdataCOMMON             dataCOMMON   00000
__Leeprom_data            eeprom_data  00000
__Lend_init               end_init     000B5
__Lfunctab                functab      00000
__Lheap                   heap         00000
__LidataCOMMON            idataCOMMON  00000
__Lidloc                  idloc        00000
__Linit                   init         000B5
__Lintentry               intentry     00004
__Lmaintext               maintext     00000
__Lpowerup                powerup      00000
__Lram                    ram          00000
__Lreset_vec              reset_vec    00000
__Lsfr0                   sfr0         00000
__Lsfr1                   sfr1         00000
__Lsfr10                  sfr10        00000
__Lsfr11                  sfr11        00000
__Lsfr12                  sfr12        00000
__Lsfr13                  sfr13        00000
__Lsfr14                  sfr14        00000
__Lsfr15                  sfr15        00000
__Lsfr16                  sfr16        00000
__Lsfr17                  sfr17        00000
__Lsfr18                  sfr18        00000
__Lsfr19                  sfr19        00000
__Lsfr2                   sfr2         00000
__Lsfr20                  sfr20        00000
__Lsfr21                  sfr21        00000
__Lsfr22                  sfr22        00000
__Lsfr23                  sfr23        00000
__Lsfr24                  sfr24        00000
__Lsfr25                  sfr25        00000
__Lsfr26                  sfr26        00000
__Lsfr27                  sfr27        00000
__Lsfr28                  sfr28        00000
__Lsfr29                  sfr29        00000
__Lsfr3                   sfr3         00000
__Lsfr30                  sfr30        00000
__Lsfr31                  sfr31        00000
__Lsfr4                   sfr4         00000
__Lsfr5                   sfr5         00000
__Lsfr6                   sfr6         00000
__Lsfr7                   sfr7         00000
__Lsfr8                   sfr8         00000
__Lsfr9                   sfr9         00000
__Lspace_0                (abs)        00000
__Lspace_1                (abs)        00000
__Lspace_2                (abs)        00000
__Lspace_3                (abs)        00000
__Lspace_4                (abs)        00000
__Lstack                  stack        00000
__Lstrings                strings      00000
__Lstringtext1            stringtext1  00000
__Lstringtext2            stringtext2  00000
__Lstringtext3            stringtext3  00000
__Lstringtext4            stringtext4  00000
__Lstringtext5            stringtext5  00000
__Lstringtext6            stringtext6  00000
__Lstringtext7            stringtext7  00000
__Lstringtext8            stringtext8  00000
__Ltext                   text         00000
__S0                      (abs)        0182F
__S1                      (abs)        00152
__Umul8_16                text20       013E6
__Umul8_16@multiplicand   cstackBANK0  00020
__Umul8_16@multiplier     cstackBANK0  00028
__Umul8_16@product        cstackBANK0  00024
__Umul8_16@word_mpld      cstackBANK0  00026
___aldiv                  text30       01770
___aldiv@counter          cstackBANK0  00035
___aldiv@dividend         cstackBANK0  00030
___aldiv@divisor          cstackBANK0  0002C
___aldiv@quotient         cstackBANK0  00037
___aldiv@sign             cstackBANK0  00036
___fldiv                  text23       005A2
___fldiv@a                cstackBANK0  00020
___fldiv@aexp             cstackBANK0  00039
___fldiv@b                cstackBANK0  00024
___fldiv@bexp             cstackBANK0  00038
___fldiv@grs              cstackBANK0  00034
___fldiv@new_exp          cstackBANK0  00032
___fldiv@rem              cstackBANK0  0002D
___fldiv@sign             cstackBANK0  00031
___fleq                   text22       015D1
___fleq@ff1               cstackBANK0  00020
___fleq@ff2               cstackBANK0  00024
___flge                   text21       016E5
___flge@ff1               cstackBANK0  00020
___flge@ff2               cstackBANK0  00024
___flmul                  text19       00367
___flmul@a                cstackBANK0  0002D
___flmul@aexp             cstackBANK0  0003B
___flmul@b                cstackBANK0  00029
___flmul@bexp             cstackBANK0  0003C
___flmul@grs              cstackBANK0  00037
___flmul@prod             cstackBANK0  0003D
___flmul@sign             cstackBANK0  00036
___flmul@temp             cstackBANK0  00041
___flneg                  text18       012F3
___flneg@f1               cstackBANK0  00020
___heap_hi                (abs)        00000
___heap_lo                (abs)        00000
___int_sp                 stack        00000
___latbits                (abs)        00003
___lmul                   text26       0146E
___lmul@multiplicand      cstackBANK0  00024
___lmul@multiplier        cstackBANK0  00020
___lmul@product           cstackBANK0  00028
___lwdiv                  text2        0154E
___lwdiv@counter          cstackBANK0  00027
___lwdiv@dividend         cstackBANK0  00022
___lwdiv@divisor          cstackBANK0  00020
___lwdiv@quotient         cstackBANK0  00025
___sp                     stack        00000
___stackhi                (abs)        00000
___stacklo                (abs)        00000
___wmul                   text17       013A4
___wmul@multiplicand      cstackBANK0  00022
___wmul@multiplier        cstackBANK0  00020
___wmul@product           cstackBANK0  00024
___xxtofl                 text16       0074C
___xxtofl@arg             cstackBANK0  0002A
___xxtofl@exp             cstackBANK0  00029
___xxtofl@sign            cstackBANK0  00028
___xxtofl@val             cstackBANK0  00020
__end_of_UARTinit         text29       016E5
__end_of_UARTreadString   text32       015D1
__end_of_UARTsendString   text28       0146E
__end_of__Umul8_16        text20       0140A
__end_of___aldiv          text30       01800
__end_of___fldiv          text23       0074C
__end_of___fleq           text22       01620
__end_of___flge           text21       01770
__end_of___flmul          text19       005A2
__end_of___flneg          text18       012FF
__end_of___lmul           text26       014A2
__end_of___lwdiv          text2        0158B
__end_of___wmul           text17       013C4
__end_of___xxtofl         text16       007F7
__end_of__initialization  cinit        000D1
__end_of_atof             text8        0131F
__end_of_beginSecuence    text27       01512
__end_of_isdigit          text14       01350
__end_of_islower          text11       01369
__end_of_isr              intentry     000B5
__end_of_isspace          text15       013E6
__end_of_isxdigit         text13       0143A
__end_of_main             maintext     00367
__end_of_map              text25       01682
__end_of_nanf             text12       00816
__end_of_prom_us          text24       012F3
__end_of_strchr           text7        013A4
__end_of_strcspn          text6        014D6
__end_of_strpbrk          text5        01385
__end_of_strtof           text9        01000
__end_of_strtok_single    text4        0154E
__end_of_toupper          text10       01337
__end_of_updateSpeed      text3        00884
__end_of_us_to_cm         text1        0130E
__initialization          cinit        000B7
__pbssBANK0               bssBANK0     0006A
__pbssBANK1               bssBANK1     000A0
__pbssBANK2               bssBANK2     00120
__pbssCOMMON              bssCOMMON    0007A
__pcstackBANK0            cstackBANK0  00020
__pcstackBANK1            cstackBANK1  000C5
__pcstackCOMMON           cstackCOMMON 00070
__pdataCOMMON             dataCOMMON   0007D
__pidataCOMMON            idataCOMMON  007FD
__pintentry               intentry     00004
__pmaintext               maintext     000D5
__pstringtext1            stringtext1  01800
__pstringtext2            stringtext2  0180F
__pstringtext3            stringtext3  01818
__pstringtext4            stringtext4  01821
__pstringtext5            stringtext5  01825
__pstringtext6            stringtext6  01829
__pstringtext7            stringtext7  0182D
__pstringtext8            stringtext8  00000
__ptext1                  text1        012FF
__ptext10                 text10       0131F
__ptext11                 text11       01350
__ptext12                 text12       00804
__ptext13                 text13       0140A
__ptext14                 text14       01337
__ptext15                 text15       013C4
__ptext16                 text16       0074C
__ptext17                 text17       013A4
__ptext18                 text18       012F3
__ptext19                 text19       00367
__ptext2                  text2        0154E
__ptext20                 text20       013E6
__ptext21                 text21       016E5
__ptext22                 text22       015D1
__ptext23                 text23       005A2
__ptext24                 text24       012E8
__ptext25                 text25       01620
__ptext26                 text26       0146E
__ptext27                 text27       014D6
__ptext28                 text28       0143A
__ptext29                 text29       01682
__ptext3                  text3        00816
__ptext30                 text30       01770
__ptext32                 text32       0158B
__ptext4                  text4        01512
__ptext5                  text5        01369
__ptext6                  text6        014A2
__ptext7                  text7        01385
__ptext8                  text8        0130E
__ptext9                  text9        00884
_atof                     text8        0130E
_beginSecuence            text27       014D6
_bzzEn                    bssCOMMON    0007C
_isdigit                  text14       01337
_islower                  text11       01350
_isr                      intentry     00004
_isr$244                  cstackCOMMON 00076
_isspace                  text15       013C4
_isspace$834              cstackBANK0  00024
_isxdigit                 text13       0140A
_isxdigit$846             cstackBANK0  0002C
_main                     maintext     000D5
_map                      text25       01620
_millis                   bssBANK1     000BC
_nanf                     text12       00804
_prevMillis               bssBANK1     000B8
_prom_us                  text24       012E8
_speed                    bssBANK1     000C0
_strchr                   text7        01385
_strcspn                  text6        014A2
_strpbrk                  text5        01369
_strtof                   text9        00884
_strtok_single            text4        01512
_toupper                  text10       0131F
_updateSpeed              text3        00816
_us_to_cm                 text1        012FF
_us_us                    bssBANK1     000A0
atof@s                    cstackBANK0  0005F
beginSecuence@i           cstackBANK0  00021
btemp                     (abs)        0007E
clear_ram0                clrtext      007F7
debugSS@prevMillis        bssBANK1     000B4
debugSS@revMillis_420     bssBANK1     000B0
end_of_initialization     cinit        000D1
int$flags                 (abs)        0007E
intlevel0                 functab      00000
intlevel1                 functab      00000
intlevel2                 functab      00000
intlevel3                 functab      00000
intlevel4                 functab      00000
intlevel5                 functab      00000
isdigit@c                 cstackBANK0  00020
islower@c                 cstackBANK0  00020
isr@bzzPasses             bssBANK0     0006A
isr@i                     cstackCOMMON 00078
isr@meas                  dataCOMMON   0007D
isspace@c                 cstackBANK0  00020
isxdigit@c                cstackBANK0  00026
main@bzzTime              cstackBANK1  000D5
main@ledIntenD            cstackBANK1  000CD
main@ledIntenP            cstackBANK1  000D1
map@in_max                cstackBANK0  00043
map@in_min                cstackBANK0  0003F
map@out_max               cstackBANK0  0004B
map@out_min               cstackBANK0  00047
map@x                     cstackBANK0  0003B
nanf@s                    cstackBANK0  00020
nanf@u                    cstackBANK0  00024
prom_us@us1               cstackBANK0  0002A
prom_us@us2               cstackBANK0  0002C
reset_vec                 reset_vec    00000
start                     init         000B5
start_initialization      cinit        000B7
strchr@c                  cstackBANK0  00022
strchr@s                  cstackBANK0  00020
strcspn@c                 cstackBANK0  00027
strcspn@i                 cstackBANK0  0002B
strcspn@s                 cstackBANK0  0002D
strpbrk@b                 cstackBANK0  0002E
strpbrk@s                 cstackBANK0  00031
strtof@_u                 cstackBANK0  00055
strtof@digit              cstackBANK0  0004F
strtof@eexp               cstackBANK0  00053
strtof@expon              cstackBANK0  00051
strtof@flags              cstackBANK0  00050
strtof@i                  cstackBANK0  00059
strtof@res                cstackBANK0  00043
strtof@s                  cstackBANK0  0005A
strtok_single@delims      cstackBANK0  00032
strtok_single@p           cstackBANK0  00036
strtok_single@ret         cstackBANK0  00035
strtok_single@src         bssBANK0     0006C
strtok_single@str         cstackBANK0  00037
toupper@c                 cstackBANK0  00026
updateSpeed@DRDY          cstackBANK0  00069
updateSpeed@i             cstackBANK0  00067
updateSpeed@string        cstackBANK0  00061
updateSpeed@temp          cstackBANK0  00063
updateSpeed@v             cstackBANK0  00060
us_to_cm@us               cstackBANK0  00028
wtemp0                    (abs)        0007E


MODULE INFORMATION

Module		Function		Class		Link	Load	Size
D:\Program Files\Microchip\xc8\v2.40\pic\sources\c99\common\toupper.c
		_toupper       		CODE           	131F	0000	24

D:\Program Files\Microchip\xc8\v2.40\pic\sources\c99\common\toupper.c estimated size: 24

D:\Program Files\Microchip\xc8\v2.40\pic\sources\c99\common\isspace.c
		_isspace       		CODE           	13C4	0000	34

D:\Program Files\Microchip\xc8\v2.40\pic\sources\c99\common\isspace.c estimated size: 34

D:\Program Files\Microchip\xc8\v2.40\pic\sources\c99\common\Umul32.c
		___lmul        		CODE           	146E	0000	52

D:\Program Files\Microchip\xc8\v2.40\pic\sources\c99\common\Umul32.c estimated size: 52

D:\Program Files\Microchip\xc8\v2.40\pic\sources\c99\common\sprcmul.c
		___flmul       		CODE           	0367	0000	571

D:\Program Files\Microchip\xc8\v2.40\pic\sources\c99\common\sprcmul.c estimated size: 571

D:\Program Files\Microchip\xc8\v2.40\pic\sources\c99\common\xxtofl.c
		___xxtofl      		CODE           	074C	0000	171

D:\Program Files\Microchip\xc8\v2.40\pic\sources\c99\common\xxtofl.c estimated size: 171

D:\Program Files\Microchip\xc8\v2.40\pic\sources\c99\common\sprcdiv.c
		___fldiv       		CODE           	05A2	0000	426

D:\Program Files\Microchip\xc8\v2.40\pic\sources\c99\common\sprcdiv.c estimated size: 426

D:\Program Files\Microchip\xc8\v2.40\pic\sources\c99\common\lwdiv.c
		___lwdiv       		CODE           	154E	0000	61

D:\Program Files\Microchip\xc8\v2.40\pic\sources\c99\common\lwdiv.c estimated size: 61

D:\Program Files\Microchip\xc8\v2.40\pic\sources\c99\common\strchr.c
		_strchr        		CODE           	1385	0000	31

D:\Program Files\Microchip\xc8\v2.40\pic\sources\c99\common\strchr.c estimated size: 31

lib.c
		_strtok_single 		CODE           	1512	0000	60
		_map           		CODE           	1620	0000	98
		_updateSpeed   		CODE           	0816	0000	110
		_UARTinit      		CODE           	1682	0000	99
		_UARTreadString		CODE           	158B	0000	70
		_prom_us       		CODE           	12E8	0000	11
		_UARTsendString		CODE           	143A	0000	52
		_us_to_cm      		CODE           	12FF	0000	15
		_beginSecuence 		CODE           	14D6	0000	60

lib.c estimated size: 575

D:\Program Files\Microchip\xc8\v2.40\pic\sources\c99\common\flge.c
		___flge        		CODE           	16E5	0000	139

D:\Program Files\Microchip\xc8\v2.40\pic\sources\c99\common\flge.c estimated size: 139

D:\Program Files\Microchip\xc8\v2.40\pic\sources\c99\common\aldiv.c
		___aldiv       		CODE           	1770	0000	144

D:\Program Files\Microchip\xc8\v2.40\pic\sources\c99\common\aldiv.c estimated size: 144

D:\Program Files\Microchip\xc8\v2.40\pic\sources\c99\common\strcspn.c
		_strcspn       		CODE           	14A2	0000	52

D:\Program Files\Microchip\xc8\v2.40\pic\sources\c99\common\strcspn.c estimated size: 52

D:\Program Files\Microchip\xc8\v2.40\pic\sources\c99\common\Umul8_16.c
		__Umul8_16     		CODE           	13E6	0000	36

D:\Program Files\Microchip\xc8\v2.40\pic\sources\c99\common\Umul8_16.c estimated size: 36

D:\Program Files\Microchip\xc8\v2.40\pic\sources\c99\common\isdigit.c
		_isdigit       		CODE           	1337	0000	25

D:\Program Files\Microchip\xc8\v2.40\pic\sources\c99\common\isdigit.c estimated size: 25

D:\Program Files\Microchip\xc8\v2.40\pic\sources\c99\common\strtof.c
		_atof          		CODE           	130E	0000	17
		_strtof        		CODE           	0884	0000	1916

D:\Program Files\Microchip\xc8\v2.40\pic\sources\c99\common\strtof.c estimated size: 1933

shared
		__initialization		CODE           	00B7	0000	26

shared estimated size: 26

D:\Program Files\Microchip\xc8\v2.40\pic\sources\c99\common\nanf.c
		_nanf          		CODE           	0804	0000	18

D:\Program Files\Microchip\xc8\v2.40\pic\sources\c99\common\nanf.c estimated size: 18

D:\Program Files\Microchip\xc8\v2.40\pic\sources\c99\common\flneg.c
		___flneg       		CODE           	12F3	0000	12

D:\Program Files\Microchip\xc8\v2.40\pic\sources\c99\common\flneg.c estimated size: 12

D:\Program Files\Microchip\xc8\v2.40\pic\sources\c99\common\isxdigit.c
		_isxdigit      		CODE           	140A	0000	48

D:\Program Files\Microchip\xc8\v2.40\pic\sources\c99\common\isxdigit.c estimated size: 48

D:\Program Files\Microchip\xc8\v2.40\pic\sources\c99\common\Umul16.c
		___wmul        		CODE           	13A4	0000	32

D:\Program Files\Microchip\xc8\v2.40\pic\sources\c99\common\Umul16.c estimated size: 32

D:\Program Files\Microchip\xc8\v2.40\pic\sources\c99\common\fleq.c
		___fleq        		CODE           	15D1	0000	79

D:\Program Files\Microchip\xc8\v2.40\pic\sources\c99\common\fleq.c estimated size: 79

D:\Program Files\Microchip\xc8\v2.40\pic\sources\c99\common\strpbrk.c
		_strpbrk       		CODE           	1369	0000	28

D:\Program Files\Microchip\xc8\v2.40\pic\sources\c99\common\strpbrk.c estimated size: 28

main.c
		_main          		CODE           	00D5	0000	658
		_isr           		CODE           	0004	0000	177

main.c estimated size: 835

D:\Program Files\Microchip\xc8\v2.40\pic\sources\c99\common\islower.c
		_islower       		CODE           	1350	0000	25

D:\Program Files\Microchip\xc8\v2.40\pic\sources\c99\common\islower.c estimated size: 25

